// Jest Snapshot v1, https://goo.gl/fbAQLP

exports[`layouts/OverlayLayout should render correctly 1`] = `
Array [
  <div
    className="overlay"
  >
    <div
      className="modal"
    >
      <i>
        Text
      </i>
    </div>
  </div>,
]
`;
