// Jest Snapshot v1, https://goo.gl/fbAQLP

exports[`components/HeaderArea/index should render correctly 1`] = `
Array [
  <div
    className="header-area"
  >
    <div>
      <Memo(Text)>
        In Browser Code Editor (Anonymous user)
      </Memo(Text)>
    </div>
  </div>,
]
`;
