// Jest Snapshot v1, https://goo.gl/fbAQLP

exports[`components/StyleComponents/Text/index should render correctly 1`] = `
Array [
  <span
    className="create-text"
  >
    Text is here
  </span>,
]
`;
