// Jest Snapshot v1, https://goo.gl/fbAQLP

exports[`App should render page matching snapshot 1`] = `
Array [
  <FilesProvider>
    <EditorScreen />
  </FilesProvider>,
]
`;
